<script>{"title":"Hello World","customFields":[{"key":"source_path","value":"fixture/pages/Hello_World.html"}]}</script>

<p>Lorem ipsum dolor sit amet, consectetur adipiscing elit. Pellentesque pellentesque placerat arcu, vel viverra augue posuere commodo. Aenean hendrerit quam sed commodo pellentesque.</p>
<p>Donec sed commodo velit, non molestie justo.</p>
<h3>Phasellus</h3>
<p>Cras vel justo molestie lorem auctor convallis. Donec ac lacus tincidunt, euismod lectus eu, pulvinar tortor.</p>
<div class="syntaxhighlighter javascript">
	<table>
		<tbody>
			<tr>
				
				<td class="gutter">
					
						<div class="line n1">1</div>
					
						<div class="line n2">2</div>
					
						<div class="line n3">3</div>
					
						<div class="line n4">4</div>
					
				</td>
				
				<td class="code">
					<pre><div class="container"><div class="line"><code> Hello.world({</code></div></div><div class="container"><div class="line"><code>   <span class="hljs-comment">// Handle the event</span></code></div></div><div class="container"><div class="line"><code>   <span class="hljs-comment">// ......</span></code></div></div><div class="container"><div class="line"><code> });</code></div></div></pre>
				</td>
			</tr>
		</tbody>
	</table>
</div>

<h3>Sed sed molestie purus</h3>
<p>Aliquam venenatis sem elit, et aliquet libero ultrices vitae. Nullam rutrum convallis justo, sed suscipit leo facilisis et.
</p>
