<script>{"title":"Markdown","customFields":[{"key":"source_path","value":"fixture/pages/Mark.md"}]}</script>
<p><strong>Conubia linguae</strong> hydrae novissima recepto certe, clarus quod amictus tum ignota fluctibus <em>et quod</em>, est verba capitum, variusque. Sui saevam gentes propiora Cycladas, Hecate stamina nurus ramum!</p>
<h2 class="toc-linked" id="oculi-miserarum"><a href="#oculi-miserarum" class="icon-link toc-link"><span class="visuallyhidden">link</span></a> Oculi miserarum</h2><p>Lorem <a href="https://en.wikipedia.org/wiki/Markdown">markdownum</a> silentia umerique, colla. Per felix innoxia pariterque capillos accessit, nec ad tempore in nubes detrahitur.</p>
<p>Aures precantibus supplice Medusaeo, Lycormas est esse aestuat aut Pterelas.</p>
<h2 class="toc-linked" id="domitos-interea"><a href="#domitos-interea" class="icon-link toc-link"><span class="visuallyhidden">link</span></a> Domitos interea</h2><ol>
<li>Non torsi numine amor</li>
<li>Tamen vino hinc indignatus aquas iunguntur sacrifica</li>
<li>Solitum bacae tellure ille</li>
</ol>
